MSBuild version 17.3.4+a400405ba for .NET
  Determining projects to restore...
C:\Users\MD Tanvir Islam\Music\Employee management System\Employeemanagment.csproj : warning NU1701: Package 'System.Reactive.Windows.Forms 6.0.0' was restored using '.NETFramework,Version=v4.6.1, .NETFramework,Version=v4.6.2, .NETFramework,Version=v4.7, .NETFramework,Version=v4.7.1, .NETFramework,Version=v4.7.2, .NETFramework,Version=v4.8, .NETFramework,Version=v4.8.1' instead of the project target framework 'net6.0-windows7.0'. This package may not be fully compatible with your project. [C:\Users\MD Tanvir Islam\Music\Employee management System\Employeemanagment.sln]
  All projects are up-to-date for restore.
C:\Users\MD Tanvir Islam\.nuget\packages\microsoft.extensions.dependencyinjection.abstractions\10.0.3\buildTransitive\netcoreapp2.0\Microsoft.Extensions.DependencyInjection.Abstractions.targets(4,5): warning : Microsoft.Extensions.DependencyInjection.Abstractions 10.0.3 doesn't support net6.0-windows and has not been tested with it. Consider upgrading your TargetFramework to net8.0 or later. You may also set <SuppressTfmSupportBuildWarnings>true</SuppressTfmSupportBuildWarnings> in the project file to ignore this warning and attempt to run in this unsupported configuration at your own risk. [C:\Users\MD Tanvir Islam\Music\Employee management System\Employeemanagment.csproj]
C:\Users\MD Tanvir Islam\.nuget\packages\microsoft.extensions.dependencyinjection\10.0.3\buildTransitive\netcoreapp2.0\Microsoft.Extensions.DependencyInjection.targets(4,5): warning : Microsoft.Extensions.DependencyInjection 10.0.3 doesn't support net6.0-windows and has not been tested with it. Consider upgrading your TargetFramework to net8.0 or later. You may also set <SuppressTfmSupportBuildWarnings>true</SuppressTfmSupportBuildWarnings> in the project file to ignore this warning and attempt to run in this unsupported configuration at your own risk. [C:\Users\MD Tanvir Islam\Music\Employee management System\Employeemanagment.csproj]
C:\Users\MD Tanvir Islam\Music\Employee management System\Employeemanagment.csproj : warning NU1701: Package 'System.Reactive.Windows.Forms 6.0.0' was restored using '.NETFramework,Version=v4.6.1, .NETFramework,Version=v4.6.2, .NETFramework,Version=v4.7, .NETFramework,Version=v4.7.1, .NETFramework,Version=v4.7.2, .NETFramework,Version=v4.8, .NETFramework,Version=v4.8.1' instead of the project target framework 'net6.0-windows7.0'. This package may not be fully compatible with your project.
C:\Users\MD Tanvir Islam\Music\Employee management System\Data\EmployeeDbContext.cs(1,17): error CS0234: The type or namespace name 'EntityFrameworkCore' does not exist in the namespace 'Microsoft' (are you missing an assembly reference?) [C:\Users\MD Tanvir Islam\Music\Employee management System\Employeemanagment.csproj]
C:\Users\MD Tanvir Islam\Music\Employee management System\Data\EmployeeDbContext.cs(6,38): error CS0246: The type or namespace name 'DbContext' could not be found (are you missing a using directive or an assembly reference?) [C:\Users\MD Tanvir Islam\Music\Employee management System\Employeemanagment.csproj]
C:\Users\MD Tanvir Islam\Music\Employee management System\Data\EmployeeDbContext.cs(8,16): error CS0246: The type or namespace name 'DbSet<>' could not be found (are you missing a using directive or an assembly reference?) [C:\Users\MD Tanvir Islam\Music\Employee management System\Employeemanagment.csproj]
C:\Users\MD Tanvir Islam\Music\Employee management System\Data\EmployeeDbContext.cs(9,16): error CS0246: The type or namespace name 'DbSet<>' could not be found (are you missing a using directive or an assembly reference?) [C:\Users\MD Tanvir Islam\Music\Employee management System\Employeemanagment.csproj]
C:\Users\MD Tanvir Islam\Music\Employee management System\Forms\Auth\ModernLogin.Designer.cs(188,44): warning CS8669: The annotation for nullable reference types should only be used in code within a '#nullable' annotations context. Auto-generated code requires an explicit '#nullable' directive in source. [C:\Users\MD Tanvir Islam\Music\Employee management System\Employeemanagment.csproj]
C:\Users\MD Tanvir Islam\Music\Employee management System\Data\EmployeeDbContext.cs(10,16): error CS0246: The type or namespace name 'DbSet<>' could not be found (are you missing a using directive or an assembly reference?) [C:\Users\MD Tanvir Islam\Music\Employee management System\Employeemanagment.csproj]
C:\Users\MD Tanvir Islam\Music\Employee management System\Data\EmployeeDbContext.cs(11,16): error CS0246: The type or namespace name 'DbSet<>' could not be found (are you missing a using directive or an assembly reference?) [C:\Users\MD Tanvir Islam\Music\Employee management System\Employeemanagment.csproj]
C:\Users\MD Tanvir Islam\Music\Employee management System\Data\EmployeeDbContext.cs(13,47): error CS0246: The type or namespace name 'DbContextOptionsBuilder' could not be found (are you missing a using directive or an assembly reference?) [C:\Users\MD Tanvir Islam\Music\Employee management System\Employeemanagment.csproj]
C:\Users\MD Tanvir Islam\Music\Employee management System\Forms\Dashboard\MainDashboard.Designer.cs(288,50): warning CS8669: The annotation for nullable reference types should only be used in code within a '#nullable' annotations context. Auto-generated code requires an explicit '#nullable' directive in source. [C:\Users\MD Tanvir Islam\Music\Employee management System\Employeemanagment.csproj]
C:\Users\MD Tanvir Islam\Music\Employee management System\Forms\Dashboard\MainDashboard.Designer.cs(307,47): warning CS8669: The annotation for nullable reference types should only be used in code within a '#nullable' annotations context. Auto-generated code requires an explicit '#nullable' directive in source. [C:\Users\MD Tanvir Islam\Music\Employee management System\Employeemanagment.csproj]

Build FAILED.

C:\Users\MD Tanvir Islam\Music\Employee management System\Employeemanagment.csproj : warning NU1701: Package 'System.Reactive.Windows.Forms 6.0.0' was restored using '.NETFramework,Version=v4.6.1, .NETFramework,Version=v4.6.2, .NETFramework,Version=v4.7, .NETFramework,Version=v4.7.1, .NETFramework,Version=v4.7.2, .NETFramework,Version=v4.8, .NETFramework,Version=v4.8.1' instead of the project target framework 'net6.0-windows7.0'. This package may not be fully compatible with your project. [C:\Users\MD Tanvir Islam\Music\Employee management System\Employeemanagment.sln]
C:\Users\MD Tanvir Islam\.nuget\packages\microsoft.extensions.dependencyinjection.abstractions\10.0.3\buildTransitive\netcoreapp2.0\Microsoft.Extensions.DependencyInjection.Abstractions.targets(4,5): warning : Microsoft.Extensions.DependencyInjection.Abstractions 10.0.3 doesn't support net6.0-windows and has not been tested with it. Consider upgrading your TargetFramework to net8.0 or later. You may also set <SuppressTfmSupportBuildWarnings>true</SuppressTfmSupportBuildWarnings> in the project file to ignore this warning and attempt to run in this unsupported configuration at your own risk. [C:\Users\MD Tanvir Islam\Music\Employee management System\Employeemanagment.csproj]
C:\Users\MD Tanvir Islam\.nuget\packages\microsoft.extensions.dependencyinjection\10.0.3\buildTransitive\netcoreapp2.0\Microsoft.Extensions.DependencyInjection.targets(4,5): warning : Microsoft.Extensions.DependencyInjection 10.0.3 doesn't support net6.0-windows and has not been tested with it. Consider upgrading your TargetFramework to net8.0 or later. You may also set <SuppressTfmSupportBuildWarnings>true</SuppressTfmSupportBuildWarnings> in the project file to ignore this warning and attempt to run in this unsupported configuration at your own risk. [C:\Users\MD Tanvir Islam\Music\Employee management System\Employeemanagment.csproj]
C:\Users\MD Tanvir Islam\Music\Employee management System\Employeemanagment.csproj : warning NU1701: Package 'System.Reactive.Windows.Forms 6.0.0' was restored using '.NETFramework,Version=v4.6.1, .NETFramework,Version=v4.6.2, .NETFramework,Version=v4.7, .NETFramework,Version=v4.7.1, .NETFramework,Version=v4.7.2, .NETFramework,Version=v4.8, .NETFramework,Version=v4.8.1' instead of the project target framework 'net6.0-windows7.0'. This package may not be fully compatible with your project.
C:\Users\MD Tanvir Islam\Music\Employee management System\Forms\Auth\ModernLogin.Designer.cs(188,44): warning CS8669: The annotation for nullable reference types should only be used in code within a '#nullable' annotations context. Auto-generated code requires an explicit '#nullable' directive in source. [C:\Users\MD Tanvir Islam\Music\Employee management System\Employeemanagment.csproj]
C:\Users\MD Tanvir Islam\Music\Employee management System\Forms\Dashboard\MainDashboard.Designer.cs(288,50): warning CS8669: The annotation for nullable reference types should only be used in code within a '#nullable' annotations context. Auto-generated code requires an explicit '#nullable' directive in source. [C:\Users\MD Tanvir Islam\Music\Employee management System\Employeemanagment.csproj]
C:\Users\MD Tanvir Islam\Music\Employee management System\Forms\Dashboard\MainDashboard.Designer.cs(307,47): warning CS8669: The annotation for nullable reference types should only be used in code within a '#nullable' annotations context. Auto-generated code requires an explicit '#nullable' directive in source. [C:\Users\MD Tanvir Islam\Music\Employee management System\Employeemanagment.csproj]
C:\Users\MD Tanvir Islam\Music\Employee management System\Data\EmployeeDbContext.cs(1,17): error CS0234: The type or namespace name 'EntityFrameworkCore' does not exist in the namespace 'Microsoft' (are you missing an assembly reference?) [C:\Users\MD Tanvir Islam\Music\Employee management System\Employeemanagment.csproj]
C:\Users\MD Tanvir Islam\Music\Employee management System\Data\EmployeeDbContext.cs(6,38): error CS0246: The type or namespace name 'DbContext' could not be found (are you missing a using directive or an assembly reference?) [C:\Users\MD Tanvir Islam\Music\Employee management System\Employeemanagment.csproj]
C:\Users\MD Tanvir Islam\Music\Employee management System\Data\EmployeeDbContext.cs(8,16): error CS0246: The type or namespace name 'DbSet<>' could not be found (are you missing a using directive or an assembly reference?) [C:\Users\MD Tanvir Islam\Music\Employee management System\Employeemanagment.csproj]
C:\Users\MD Tanvir Islam\Music\Employee management System\Data\EmployeeDbContext.cs(9,16): error CS0246: The type or namespace name 'DbSet<>' could not be found (are you missing a using directive or an assembly reference?) [C:\Users\MD Tanvir Islam\Music\Employee management System\Employeemanagment.csproj]
C:\Users\MD Tanvir Islam\Music\Employee management System\Data\EmployeeDbContext.cs(10,16): error CS0246: The type or namespace name 'DbSet<>' could not be found (are you missing a using directive or an assembly reference?) [C:\Users\MD Tanvir Islam\Music\Employee management System\Employeemanagment.csproj]
C:\Users\MD Tanvir Islam\Music\Employee management System\Data\EmployeeDbContext.cs(11,16): error CS0246: The type or namespace name 'DbSet<>' could not be found (are you missing a using directive or an assembly reference?) [C:\Users\MD Tanvir Islam\Music\Employee management System\Employeemanagment.csproj]
C:\Users\MD Tanvir Islam\Music\Employee management System\Data\EmployeeDbContext.cs(13,47): error CS0246: The type or namespace name 'DbContextOptionsBuilder' could not be found (are you missing a using directive or an assembly reference?) [C:\Users\MD Tanvir Islam\Music\Employee management System\Employeemanagment.csproj]
    7 Warning(s)
    7 Error(s)

Time Elapsed 00:00:01.28
